C:\projects\semesterprojekt\Logical\Global.typ
C:\projects\semesterprojekt\Logical\Global.var
C:\projects\semesterprojekt\Logical\Libraries\operator\operator.fun
C:\projects\semesterprojekt\Logical\Libraries\operator\operator.typ
C:\projects\semesterprojekt\Logical\Libraries\operator\operator.var
C:\projects\semesterprojekt\Logical\Libraries\runtime\runtime.fun
C:\projects\semesterprojekt\Logical\Libraries\runtime\runtime.typ
C:\projects\semesterprojekt\Logical\Libraries\runtime\runtime.var
C:\projects\semesterprojekt\Logical\Libraries\astime\astime.fun
C:\projects\semesterprojekt\Logical\Libraries\astime\astime.typ
C:\projects\semesterprojekt\Logical\Libraries\astime\astime.var
C:\projects\semesterprojekt\Logical\Libraries\AsIecCon\AsIecCon.fun
C:\projects\semesterprojekt\Logical\Libraries\AsIecCon\AsIecCon.typ
C:\projects\semesterprojekt\Logical\Libraries\AsIecCon\AsIecCon.var
C:\projects\semesterprojekt\Logical\Libraries\AsTCP\AsTCP.fun
C:\projects\semesterprojekt\Logical\Libraries\AsTCP\AsTCP.typ
C:\projects\semesterprojekt\Logical\Libraries\AsTCP\AsTCP.var
C:\projects\semesterprojekt\Logical\Libraries\AsBrStr\AsBrStr.fun
C:\projects\semesterprojekt\Logical\Libraries\AsBrStr\AsBrStr.typ
C:\projects\semesterprojekt\Logical\Libraries\AsBrStr\AsBrStr.var
C:\projects\semesterprojekt\Logical\Libraries\standard\standard.fun
C:\projects\semesterprojekt\Logical\Libraries\standard\standard.typ
C:\projects\semesterprojekt\Logical\Libraries\standard\standard.var
