C:\Users\gusta\Documents\GitHub\1_semesterprojekt\software\stuctureret text\semesterprojekt_v003\Logical\Global.typ
C:\Users\gusta\Documents\GitHub\1_semesterprojekt\software\stuctureret text\semesterprojekt_v003\Logical\Global.var
C:\Users\gusta\Documents\GitHub\1_semesterprojekt\software\stuctureret text\semesterprojekt_v003\Logical\Libraries\operator\operator.fun
C:\Users\gusta\Documents\GitHub\1_semesterprojekt\software\stuctureret text\semesterprojekt_v003\Logical\Libraries\operator\operator.typ
C:\Users\gusta\Documents\GitHub\1_semesterprojekt\software\stuctureret text\semesterprojekt_v003\Logical\Libraries\operator\operator.var
C:\Users\gusta\Documents\GitHub\1_semesterprojekt\software\stuctureret text\semesterprojekt_v003\Logical\Libraries\runtime\runtime.fun
C:\Users\gusta\Documents\GitHub\1_semesterprojekt\software\stuctureret text\semesterprojekt_v003\Logical\Libraries\runtime\runtime.typ
C:\Users\gusta\Documents\GitHub\1_semesterprojekt\software\stuctureret text\semesterprojekt_v003\Logical\Libraries\runtime\runtime.var
C:\Users\gusta\Documents\GitHub\1_semesterprojekt\software\stuctureret text\semesterprojekt_v003\Logical\Libraries\astime\astime.fun
C:\Users\gusta\Documents\GitHub\1_semesterprojekt\software\stuctureret text\semesterprojekt_v003\Logical\Libraries\astime\astime.typ
C:\Users\gusta\Documents\GitHub\1_semesterprojekt\software\stuctureret text\semesterprojekt_v003\Logical\Libraries\astime\astime.var
C:\Users\gusta\Documents\GitHub\1_semesterprojekt\software\stuctureret text\semesterprojekt_v003\Logical\Libraries\AsIecCon\AsIecCon.fun
C:\Users\gusta\Documents\GitHub\1_semesterprojekt\software\stuctureret text\semesterprojekt_v003\Logical\Libraries\AsIecCon\AsIecCon.typ
C:\Users\gusta\Documents\GitHub\1_semesterprojekt\software\stuctureret text\semesterprojekt_v003\Logical\Libraries\AsIecCon\AsIecCon.var
C:\Users\gusta\Documents\GitHub\1_semesterprojekt\software\stuctureret text\semesterprojekt_v003\Logical\Libraries\AsTCP\AsTCP.fun
C:\Users\gusta\Documents\GitHub\1_semesterprojekt\software\stuctureret text\semesterprojekt_v003\Logical\Libraries\AsTCP\AsTCP.typ
C:\Users\gusta\Documents\GitHub\1_semesterprojekt\software\stuctureret text\semesterprojekt_v003\Logical\Libraries\AsTCP\AsTCP.var
C:\Users\gusta\Documents\GitHub\1_semesterprojekt\software\stuctureret text\semesterprojekt_v003\Logical\Libraries\AsBrStr\AsBrStr.fun
C:\Users\gusta\Documents\GitHub\1_semesterprojekt\software\stuctureret text\semesterprojekt_v003\Logical\Libraries\AsBrStr\AsBrStr.typ
C:\Users\gusta\Documents\GitHub\1_semesterprojekt\software\stuctureret text\semesterprojekt_v003\Logical\Libraries\AsBrStr\AsBrStr.var
C:\Users\gusta\Documents\GitHub\1_semesterprojekt\software\stuctureret text\semesterprojekt_v003\Logical\Libraries\standard\standard.fun
C:\Users\gusta\Documents\GitHub\1_semesterprojekt\software\stuctureret text\semesterprojekt_v003\Logical\Libraries\standard\standard.typ
C:\Users\gusta\Documents\GitHub\1_semesterprojekt\software\stuctureret text\semesterprojekt_v003\Logical\Libraries\standard\standard.var
C:\Users\gusta\Documents\GitHub\1_semesterprojekt\software\stuctureret text\semesterprojekt_v003\Logical\Libraries\AsMbTCP\AsMbTCP.fun
C:\Users\gusta\Documents\GitHub\1_semesterprojekt\software\stuctureret text\semesterprojekt_v003\Logical\Libraries\AsMbTCP\AsMbTCP.typ
C:\Users\gusta\Documents\GitHub\1_semesterprojekt\software\stuctureret text\semesterprojekt_v003\Logical\Libraries\AsMbTCP\AsMbTCP.var
