C:\Users\peter\OneDrive\Dokumenter\GitHub\1_semesterprojekt\software\stuctureret text\semesterProjektTest\Logical\Global.typ
C:\Users\peter\OneDrive\Dokumenter\GitHub\1_semesterprojekt\software\stuctureret text\semesterProjektTest\Logical\Global.var
C:\Users\peter\OneDrive\Dokumenter\GitHub\1_semesterprojekt\software\stuctureret text\semesterProjektTest\Logical\Libraries\operator\operator.fun
C:\Users\peter\OneDrive\Dokumenter\GitHub\1_semesterprojekt\software\stuctureret text\semesterProjektTest\Logical\Libraries\operator\operator.typ
C:\Users\peter\OneDrive\Dokumenter\GitHub\1_semesterprojekt\software\stuctureret text\semesterProjektTest\Logical\Libraries\operator\operator.var
C:\Users\peter\OneDrive\Dokumenter\GitHub\1_semesterprojekt\software\stuctureret text\semesterProjektTest\Logical\Libraries\runtime\runtime.fun
C:\Users\peter\OneDrive\Dokumenter\GitHub\1_semesterprojekt\software\stuctureret text\semesterProjektTest\Logical\Libraries\runtime\runtime.typ
C:\Users\peter\OneDrive\Dokumenter\GitHub\1_semesterprojekt\software\stuctureret text\semesterProjektTest\Logical\Libraries\runtime\runtime.var
C:\Users\peter\OneDrive\Dokumenter\GitHub\1_semesterprojekt\software\stuctureret text\semesterProjektTest\Logical\Libraries\astime\astime.fun
C:\Users\peter\OneDrive\Dokumenter\GitHub\1_semesterprojekt\software\stuctureret text\semesterProjektTest\Logical\Libraries\astime\astime.typ
C:\Users\peter\OneDrive\Dokumenter\GitHub\1_semesterprojekt\software\stuctureret text\semesterProjektTest\Logical\Libraries\astime\astime.var
C:\Users\peter\OneDrive\Dokumenter\GitHub\1_semesterprojekt\software\stuctureret text\semesterProjektTest\Logical\Libraries\AsIecCon\AsIecCon.fun
C:\Users\peter\OneDrive\Dokumenter\GitHub\1_semesterprojekt\software\stuctureret text\semesterProjektTest\Logical\Libraries\AsIecCon\AsIecCon.typ
C:\Users\peter\OneDrive\Dokumenter\GitHub\1_semesterprojekt\software\stuctureret text\semesterProjektTest\Logical\Libraries\AsIecCon\AsIecCon.var
C:\Users\peter\OneDrive\Dokumenter\GitHub\1_semesterprojekt\software\stuctureret text\semesterProjektTest\Logical\Libraries\standard\standard.fun
C:\Users\peter\OneDrive\Dokumenter\GitHub\1_semesterprojekt\software\stuctureret text\semesterProjektTest\Logical\Libraries\standard\standard.typ
C:\Users\peter\OneDrive\Dokumenter\GitHub\1_semesterprojekt\software\stuctureret text\semesterProjektTest\Logical\Libraries\standard\standard.var
