<?xml version="1.0" encoding="utf-8"?>
<?AutomationStudio Version="4.3.3.196"?>
<Objects>
  <Object
    Path="C:\Users\gusta\Documents\GitHub\1_semesterprojekt\software\stuctureret text\semesterProjektTest\Logical\Package.pkg"
    LogicalPath=""
    Type="Package"
    LastWriteTime="131544347643896205" />
  <Object
    Path="C:\Users\gusta\Documents\GitHub\1_semesterprojekt\software\stuctureret text\semesterProjektTest\Logical\Global.typ"
    LogicalPath="Global.typ"
    Type="File"
    LastWriteTime="131539344909551709"
    Private="false" />
  <Object
    Path="C:\Users\gusta\Documents\GitHub\1_semesterprojekt\software\stuctureret text\semesterProjektTest\Logical\Global.var"
    LogicalPath="Global.var"
    Type="File"
    LastWriteTime="131545163794505260"
    Private="false" />
  <Object
    Path="C:\Users\gusta\Documents\GitHub\1_semesterprojekt\software\stuctureret text\semesterProjektTest\Logical\Libraries\Package.pkg"
    LogicalPath="Libraries"
    Type="Package"
    LastWriteTime="131539347025405140" />
  <Object
    Path="C:\Users\gusta\Documents\GitHub\1_semesterprojekt\software\stuctureret text\semesterProjektTest\Logical\Libraries\operator\Binary.lby"
    LogicalPath="Libraries.operator"
    Type="Library"
    LastWriteTime="131539344926557678" />
  <Object
    Path="C:\Users\gusta\Documents\GitHub\1_semesterprojekt\software\stuctureret text\semesterProjektTest\Logical\Libraries\operator\operator.fun"
    LogicalPath="Libraries.operator.operator.fun"
    Type="File"
    LastWriteTime="131539344926487348"
    Private="false" />
  <Object
    Path="C:\Users\gusta\Documents\GitHub\1_semesterprojekt\software\stuctureret text\semesterProjektTest\Logical\Libraries\operator\operator.typ"
    LogicalPath="Libraries.operator.operator.typ"
    Type="File"
    LastWriteTime="131539344926527370"
    Private="false" />
  <Object
    Path="C:\Users\gusta\Documents\GitHub\1_semesterprojekt\software\stuctureret text\semesterProjektTest\Logical\Libraries\operator\operator.var"
    LogicalPath="Libraries.operator.operator.var"
    Type="File"
    LastWriteTime="131539344926547431"
    Private="false" />
  <Object
    Path="C:\Users\gusta\Documents\GitHub\1_semesterprojekt\software\stuctureret text\semesterProjektTest\Logical\Libraries\runtime\Binary.lby"
    LogicalPath="Libraries.runtime"
    Type="Library"
    LastWriteTime="131539344935426794" />
  <Object
    Path="C:\Users\gusta\Documents\GitHub\1_semesterprojekt\software\stuctureret text\semesterProjektTest\Logical\Libraries\runtime\runtime.fun"
    LogicalPath="Libraries.runtime.runtime.fun"
    Type="File"
    LastWriteTime="131539344935376877"
    Private="false" />
  <Object
    Path="C:\Users\gusta\Documents\GitHub\1_semesterprojekt\software\stuctureret text\semesterProjektTest\Logical\Libraries\runtime\runtime.typ"
    LogicalPath="Libraries.runtime.runtime.typ"
    Type="File"
    LastWriteTime="131539344935396716"
    Private="false" />
  <Object
    Path="C:\Users\gusta\Documents\GitHub\1_semesterprojekt\software\stuctureret text\semesterProjektTest\Logical\Libraries\runtime\runtime.var"
    LogicalPath="Libraries.runtime.runtime.var"
    Type="File"
    LastWriteTime="131539344935416769"
    Private="false" />
  <Object
    Path="C:\Users\gusta\Documents\GitHub\1_semesterprojekt\software\stuctureret text\semesterProjektTest\Logical\Libraries\astime\Binary.lby"
    LogicalPath="Libraries.astime"
    Type="Library"
    LastWriteTime="131539344943273117" />
  <Object
    Path="C:\Users\gusta\Documents\GitHub\1_semesterprojekt\software\stuctureret text\semesterProjektTest\Logical\Libraries\astime\astime.fun"
    LogicalPath="Libraries.astime.astime.fun"
    Type="File"
    LastWriteTime="131539344943228000"
    Private="false" />
  <Object
    Path="C:\Users\gusta\Documents\GitHub\1_semesterprojekt\software\stuctureret text\semesterProjektTest\Logical\Libraries\astime\astime.typ"
    LogicalPath="Libraries.astime.astime.typ"
    Type="File"
    LastWriteTime="131539344943243094"
    Private="false" />
  <Object
    Path="C:\Users\gusta\Documents\GitHub\1_semesterprojekt\software\stuctureret text\semesterProjektTest\Logical\Libraries\astime\astime.var"
    LogicalPath="Libraries.astime.astime.var"
    Type="File"
    LastWriteTime="131539344943263165"
    Private="false" />
  <Object
    Path="C:\Users\gusta\Documents\GitHub\1_semesterprojekt\software\stuctureret text\semesterProjektTest\Logical\Libraries\AsIecCon\Binary.lby"
    LogicalPath="Libraries.AsIecCon"
    Type="Library"
    LastWriteTime="131539344950987481" />
  <Object
    Path="C:\Users\gusta\Documents\GitHub\1_semesterprojekt\software\stuctureret text\semesterProjektTest\Logical\Libraries\AsIecCon\AsIecCon.fun"
    LogicalPath="Libraries.AsIecCon.AsIecCon.fun"
    Type="File"
    LastWriteTime="131539344950932430"
    Private="false" />
  <Object
    Path="C:\Users\gusta\Documents\GitHub\1_semesterprojekt\software\stuctureret text\semesterProjektTest\Logical\Libraries\AsIecCon\AsIecCon.typ"
    LogicalPath="Libraries.AsIecCon.AsIecCon.typ"
    Type="File"
    LastWriteTime="131539344950957417"
    Private="false" />
  <Object
    Path="C:\Users\gusta\Documents\GitHub\1_semesterprojekt\software\stuctureret text\semesterProjektTest\Logical\Libraries\AsIecCon\AsIecCon.var"
    LogicalPath="Libraries.AsIecCon.AsIecCon.var"
    Type="File"
    LastWriteTime="131539344950977569"
    Private="false" />
  <Object
    Path="C:\Users\gusta\Documents\GitHub\1_semesterprojekt\software\stuctureret text\semesterProjektTest\Logical\Libraries\standard\Binary.lby"
    LogicalPath="Libraries.standard"
    Type="Library"
    LastWriteTime="131539347025309887" />
  <Object
    Path="C:\Users\gusta\Documents\GitHub\1_semesterprojekt\software\stuctureret text\semesterProjektTest\Logical\Libraries\standard\standard.fun"
    LogicalPath="Libraries.standard.standard.fun"
    Type="File"
    LastWriteTime="131539347025259752"
    Private="false" />
  <Object
    Path="C:\Users\gusta\Documents\GitHub\1_semesterprojekt\software\stuctureret text\semesterProjektTest\Logical\Libraries\standard\standard.typ"
    LogicalPath="Libraries.standard.standard.typ"
    Type="File"
    LastWriteTime="131539347025279809"
    Private="false" />
  <Object
    Path="C:\Users\gusta\Documents\GitHub\1_semesterprojekt\software\stuctureret text\semesterProjektTest\Logical\Libraries\standard\standard.var"
    LogicalPath="Libraries.standard.standard.var"
    Type="File"
    LastWriteTime="131539347025299862"
    Private="false" />
  <Object
    Path="C:\Users\gusta\Documents\GitHub\1_semesterprojekt\software\stuctureret text\semesterProjektTest\Logical\Program\IEC.prg"
    LogicalPath="Program"
    Type="Program"
    LastWriteTime="131544371628795862" />
  <Object
    Path="C:\Users\gusta\Documents\GitHub\1_semesterprojekt\software\stuctureret text\semesterProjektTest\Logical\Program\Main.st"
    LogicalPath="Program.Main.st"
    Type="File"
    LastWriteTime="131545234136531835"
    Private="false" />
  <Object
    Path="C:\Users\gusta\Documents\GitHub\1_semesterprojekt\software\stuctureret text\semesterProjektTest\Logical\Program\Types.typ"
    LogicalPath="Program.Types.typ"
    Type="File"
    LastWriteTime="131539345116941280"
    Private="true" />
  <Object
    Path="C:\Users\gusta\Documents\GitHub\1_semesterprojekt\software\stuctureret text\semesterProjektTest\Logical\Program\Variables.var"
    LogicalPath="Program.Variables.var"
    Type="File"
    LastWriteTime="131545163793929763"
    Private="true" />
  <Object
    Path="C:\Users\gusta\Documents\GitHub\1_semesterprojekt\software\stuctureret text\semesterProjektTest\Logical\reset\IEC.prg"
    LogicalPath="reset"
    Type="Program"
    LastWriteTime="131544347412148946" />
  <Object
    Path="C:\Users\gusta\Documents\GitHub\1_semesterprojekt\software\stuctureret text\semesterProjektTest\Logical\reset\Main.st"
    LogicalPath="reset.Main.st"
    Type="File"
    LastWriteTime="131545174465527684"
    Private="false" />
  <Object
    Path="C:\Users\gusta\Documents\GitHub\1_semesterprojekt\software\stuctureret text\semesterProjektTest\Logical\reset\Types.typ"
    LogicalPath="reset.Types.typ"
    Type="File"
    LastWriteTime="131544347412053704"
    Private="true" />
  <Object
    Path="C:\Users\gusta\Documents\GitHub\1_semesterprojekt\software\stuctureret text\semesterProjektTest\Logical\reset\Variables.var"
    LogicalPath="reset.Variables.var"
    Type="File"
    LastWriteTime="131544432354976052"
    Private="true" />
  <Object
    Path="C:\Users\gusta\Documents\GitHub\1_semesterprojekt\software\stuctureret text\semesterProjektTest\Physical\Config1\Config.pkg"
    LogicalPath="Config1"
    Type="Configuration"
    LastWriteTime="131539344988132186" />
  <Object
    Path="C:\Users\gusta\Documents\GitHub\1_semesterprojekt\software\stuctureret text\semesterProjektTest\Physical\Config1\Hardware.hw"
    LogicalPath="Config1.Hardware.hw"
    Type="File"
    LastWriteTime="131544372106785922"
    Private="false" />
  <Object
    Path="C:\Users\gusta\Documents\GitHub\1_semesterprojekt\software\stuctureret text\semesterProjektTest\Physical\Config1\Hardware.hwl"
    LogicalPath="Config1.Hardware.hwl"
    Type="File"
    LastWriteTime="131341234740000000"
    Private="false" />
  <Object
    Path="C:\Users\gusta\Documents\GitHub\1_semesterprojekt\software\stuctureret text\semesterProjektTest\Physical\Config1\X20CP1382\Cpu.pkg"
    LogicalPath="Config1.X20CP1382"
    Type="Cpu"
    LastWriteTime="131539344955424274" />
  <Object
    Path="C:\Users\gusta\Documents\GitHub\1_semesterprojekt\software\stuctureret text\semesterProjektTest\Physical\Config1\X20CP1382\Cpu.sw"
    LogicalPath="Config1.X20CP1382.Cpu.sw"
    Type="File"
    LastWriteTime="131544479108291911"
    Private="false" />
  <Object
    Path="C:\Users\gusta\Documents\GitHub\1_semesterprojekt\software\stuctureret text\semesterProjektTest\Physical\Config1\X20CP1382\Cpu.per"
    LogicalPath="Config1.X20CP1382.Cpu.per"
    Type="File"
    LastWriteTime="131539344954532115"
    Private="false" />
  <Object
    Path="C:\Users\gusta\Documents\GitHub\1_semesterprojekt\software\stuctureret text\semesterProjektTest\Physical\Config1\X20CP1382\IoMap.iom"
    LogicalPath="Config1.X20CP1382.IoMap.iom"
    Type="File"
    LastWriteTime="131544370464383780"
    Private="false" />
  <Object
    Path="C:\Users\gusta\Documents\GitHub\1_semesterprojekt\software\stuctureret text\semesterProjektTest\Physical\Config1\X20CP1382\PvMap.vvm"
    LogicalPath="Config1.X20CP1382.PvMap.vvm"
    Type="File"
    LastWriteTime="131539344954556967"
    Private="false" />
  <Object
    Path="C:\Users\gusta\Documents\GitHub\1_semesterprojekt\software\stuctureret text\semesterProjektTest\Physical\Config1\X20CP1382\mapp\Package.pkg"
    LogicalPath="Config1.X20CP1382.mapp"
    Type="Package"
    LastWriteTime="131539344954797611" />
  <Object
    Path="C:\Users\gusta\Documents\GitHub\1_semesterprojekt\software\stuctureret text\semesterProjektTest\Physical\Config1\X20CP1382\Connectivity\Package.pkg"
    LogicalPath="Config1.X20CP1382.Connectivity"
    Type="Package"
    LastWriteTime="131539344954882838" />
  <Object
    Path="C:\Users\gusta\Documents\GitHub\1_semesterprojekt\software\stuctureret text\semesterProjektTest\Physical\Config1\X20CP1382\Connectivity\OpcUA\Package.pkg"
    LogicalPath="Config1.X20CP1382.Connectivity.OpcUA"
    Type="Package"
    LastWriteTime="131539344954872806" />
  <Object
    Path="C:\Users\gusta\Documents\GitHub\1_semesterprojekt\software\stuctureret text\semesterProjektTest\Physical\Config1\X20CP1382\TextSystem\Package.pkg"
    LogicalPath="Config1.X20CP1382.TextSystem"
    Type="Package"
    LastWriteTime="131539344954917927" />
  <Object
    Path="C:\Users\gusta\Documents\GitHub\1_semesterprojekt\software\stuctureret text\semesterProjektTest\Physical\Config1\X20CP1382\UnitSystem\Package.pkg"
    LogicalPath="Config1.X20CP1382.UnitSystem"
    Type="Package"
    LastWriteTime="131539344954958037" />
  <Object
    Path="C:\Users\gusta\Documents\GitHub\1_semesterprojekt\software\stuctureret text\semesterProjektTest\Physical\Config1\X20CP1382\AccessAndSecurity\Package.pkg"
    LogicalPath="Config1.X20CP1382.AccessAndSecurity"
    Type="Package"
    LastWriteTime="131539344955419260" />
  <Object
    Path="C:\Users\gusta\Documents\GitHub\1_semesterprojekt\software\stuctureret text\semesterProjektTest\Physical\Config1\X20CP1382\AccessAndSecurity\UserRoleSystem\Package.pkg"
    LogicalPath="Config1.X20CP1382.AccessAndSecurity.UserRoleSystem"
    Type="Package"
    LastWriteTime="131539344955083368" />
  <Object
    Path="C:\Users\gusta\Documents\GitHub\1_semesterprojekt\software\stuctureret text\semesterProjektTest\Physical\Config1\X20CP1382\AccessAndSecurity\UserRoleSystem\Role.role"
    LogicalPath="Config1.X20CP1382.AccessAndSecurity.UserRoleSystem.Role.role"
    Type="File"
    LastWriteTime="131539344955058304"
    Private="false" />
  <Object
    Path="C:\Users\gusta\Documents\GitHub\1_semesterprojekt\software\stuctureret text\semesterProjektTest\Physical\Config1\X20CP1382\AccessAndSecurity\UserRoleSystem\User.user"
    LogicalPath="Config1.X20CP1382.AccessAndSecurity.UserRoleSystem.User.user"
    Type="File"
    LastWriteTime="131539344955073339"
    Private="false" />
  <Object
    Path="C:\Users\gusta\Documents\GitHub\1_semesterprojekt\software\stuctureret text\semesterProjektTest\Physical\Config1\X20CP1382\AccessAndSecurity\CertificateStore\Package.pkg"
    LogicalPath="Config1.X20CP1382.AccessAndSecurity.CertificateStore"
    Type="Package"
    LastWriteTime="131539344955374142" />
  <Object
    Path="C:\Users\gusta\Documents\GitHub\1_semesterprojekt\software\stuctureret text\semesterProjektTest\Physical\Config1\X20CP1382\AccessAndSecurity\CertificateStore\OwnCertificates\Package.pkg"
    LogicalPath="Config1.X20CP1382.AccessAndSecurity.CertificateStore.OwnCertificates"
    Type="Package"
    LastWriteTime="131539344955218727" />
  <Object
    Path="C:\Users\gusta\Documents\GitHub\1_semesterprojekt\software\stuctureret text\semesterProjektTest\Physical\Config1\X20CP1382\AccessAndSecurity\CertificateStore\OwnCertificates\Certificates\Package.pkg"
    LogicalPath="Config1.X20CP1382.AccessAndSecurity.CertificateStore.OwnCertificates.Certificates"
    Type="Package"
    LastWriteTime="131539344955178624" />
  <Object
    Path="C:\Users\gusta\Documents\GitHub\1_semesterprojekt\software\stuctureret text\semesterProjektTest\Physical\Config1\X20CP1382\AccessAndSecurity\CertificateStore\OwnCertificates\PrivateKeys\Package.pkg"
    LogicalPath="Config1.X20CP1382.AccessAndSecurity.CertificateStore.OwnCertificates.PrivateKeys"
    Type="Package"
    LastWriteTime="131539344955208702" />
  <Object
    Path="C:\Users\gusta\Documents\GitHub\1_semesterprojekt\software\stuctureret text\semesterProjektTest\Physical\Config1\X20CP1382\AccessAndSecurity\CertificateStore\ThirdPartyCertificates\Package.pkg"
    LogicalPath="Config1.X20CP1382.AccessAndSecurity.CertificateStore.ThirdPartyCertificates"
    Type="Package"
    LastWriteTime="131539344955293944" />
  <Object
    Path="C:\Users\gusta\Documents\GitHub\1_semesterprojekt\software\stuctureret text\semesterProjektTest\Physical\Config1\X20CP1382\AccessAndSecurity\CertificateStore\ThirdPartyCertificates\SoftwareCertificates\Package.pkg"
    LogicalPath="Config1.X20CP1382.AccessAndSecurity.CertificateStore.ThirdPartyCertificates.SoftwareCertificates"
    Type="Package"
    LastWriteTime="131539344955283901" />
  <Object
    Path="C:\Users\gusta\Documents\GitHub\1_semesterprojekt\software\stuctureret text\semesterProjektTest\Physical\Config1\X20CP1382\AccessAndSecurity\CertificateStore\CertificateRevocationLists\Package.pkg"
    LogicalPath="Config1.X20CP1382.AccessAndSecurity.CertificateStore.CertificateRevocationLists"
    Type="Package"
    LastWriteTime="131539344955334036" />
  <Object
    Path="C:\Users\gusta\Documents\GitHub\1_semesterprojekt\software\stuctureret text\semesterProjektTest\Physical\Config1\X20CP1382\AccessAndSecurity\CertificateStore\CertificateSigningRequests\Package.pkg"
    LogicalPath="Config1.X20CP1382.AccessAndSecurity.CertificateStore.CertificateSigningRequests"
    Type="Package"
    LastWriteTime="131539344955364114" />
  <Object
    Path="C:\Users\gusta\Documents\GitHub\1_semesterprojekt\software\stuctureret text\semesterProjektTest\Physical\Config1\X20CP1382\AccessAndSecurity\TransportLayerSecurity\Package.pkg"
    LogicalPath="Config1.X20CP1382.AccessAndSecurity.TransportLayerSecurity"
    Type="Package"
    LastWriteTime="131539344955409235" />
  <Object
    Path="C:\Users\gusta\Documents\GitHub\1_semesterprojekt\software\stuctureret text\semesterProjektTest\Physical\Config1\Hardware.jpg"
    LogicalPath="Config1.Hardware.jpg"
    Type="File"
    LastWriteTime="131539379346291143"
    Private="false" />
  <Object
    Path="C:\Users\gusta\Documents\GitHub\1_semesterprojekt\software\stuctureret text\semesterProjektTest\Logical\Libraries\AsIecCon\SG4\AsIecCon.h"
    LogicalPath="AsIecCon.h"
    Type="File"
    LastWriteTime="131405575140000000"
    Private="false" />
  <Object
    Path="C:\Users\gusta\Documents\GitHub\1_semesterprojekt\software\stuctureret text\semesterProjektTest\Logical\Libraries\astime\SG4\astime.h"
    LogicalPath="astime.h"
    Type="File"
    LastWriteTime="131405575180000000"
    Private="false" />
  <Object
    Path="C:\Users\gusta\Documents\GitHub\1_semesterprojekt\software\stuctureret text\semesterProjektTest\Logical\Libraries\operator\SG4\operator.h"
    LogicalPath="operator.h"
    Type="File"
    LastWriteTime="131405575220000000"
    Private="false" />
  <Object
    Path="C:\Users\gusta\Documents\GitHub\1_semesterprojekt\software\stuctureret text\semesterProjektTest\Logical\Libraries\runtime\SG4\runtime.h"
    LogicalPath="runtime.h"
    Type="File"
    LastWriteTime="131405575220000000"
    Private="false" />
  <Object
    Path="C:\Users\gusta\Documents\GitHub\1_semesterprojekt\software\stuctureret text\semesterProjektTest\Logical\Libraries\standard\SG4\standard.h"
    LogicalPath="standard.h"
    Type="File"
    LastWriteTime="131405575220000000"
    Private="false" />
</Objects>